FM_TEST_BEGIN 2026-09-13T22:54:27Z tests/fm-classify-span-scan.test.sh family=unclassified expected_gate_skip=none
ok - equivalence: bounded span scan equals the whole-file fold on every start offset
ok - equivalence: a mid-line span reports the live declarations the absolute-numbered fold dropped
ok - equivalence: a completed scan leaves no state that changes the next one
ok - equivalence: bounded span scan equals the whole-file fold on pseudo-random traffic
ok - teeth: the equivalence assertion detects a scan that skips its input
ok - bounded rounds: 4 rounds over 3436ms, slowest round 995ms of a 1s budget
ok - resumption: an abandoned round resumes from its cursor and still reaches the full answer
ok - resumption: an untrustworthy cursor restarts safely instead of answering in part
ok - resumption: a cursor positioned past the log's lines restarts instead of answering empty
ok - resumption: a rejected cursor's records never leak into the answered span
ok - isolation: two callers keep separate span progress without restarting
ok - verdicts: a bounded deferral reports 4, a genuinely unreadable log still reports 2
ok - tail decision: resuming reaches a decision in the span's tail, and an unfinished round reports none of it
ok - fm-classify-span-scan
FM_TEST_END 2026-09-13T22:55:54Z tests/fm-classify-span-scan.test.sh exit=0 duration_ms=87462 gate_skip=false
FM_TEST_SUMMARY total=1 failed=0 skipped_gate=0 duration_ms=87533
FM_TEST_SUMMARY_FAMILY family=unclassified count=1 duration_ms=87462 failed=0
FM_TEST_SLOWEST rank=1 script=tests/fm-classify-span-scan.test.sh duration_ms=87462

real	1m27.598s
user	0m17.355s
sys	0m57.115s
