FM_TEST_BEGIN 2026-09-13T23:08:44Z tests/fm-wake-drain-unread-status.test.sh family=watcher-wake-lock expected_gate_skip=none
ok - a note: answer buried under a later routine note: is surfaced with both lines
ok - already-presented note: lines are not re-surfaced on the next drain
ok - a brand-new note: after presentation is surfaced without replaying handled lines
ok - a queued status signal annotates every unread note, not only the newest
WAKE_ACK_REQUIRED: after handling completes run bin/fm-wake-drain.sh --ack-through 1 --recovery-generation 85772.1789340929.gsiuUZ
WAKE_ACK_REQUIRED: after handling completes run bin/fm-wake-drain.sh --ack-through 1 --recovery-generation 85772.1789340929.gsiuUZ
WAKE_ACK_REQUIRED: after handling completes run bin/fm-wake-drain.sh --ack-through 1 --recovery-generation 85772.1789340929.gsiuUZ
ok - a pending-reply resolution buried under a later note surfaces once and closes OPEN DECISIONS
ok - unread status over the former byte cap preserves every line
ok - presentation cursor advances only through its captured endpoint
ok - a reused task id starts its replacement status log unread at byte zero
ok - teardown removes a leftover span-scan cursor
ok - fallback identity still presents and advances status state
ok - snapshot failures are reported visibly
ok - OPEN DECISIONS still folds needs-decision/blocked independently of unread notes
WAKE_ACK_REQUIRED: after handling completes run bin/fm-wake-drain.sh --ack-through 1 --recovery-generation 95274.1789340936.DAna3V
ok - an empty-queue backstop presentation still preserves the status for its later signal annotation
ok - routine working and branch-covered done lines print nothing on an empty-queue drain
FM_TEST_END 2026-09-13T23:08:58Z tests/fm-wake-drain-unread-status.test.sh exit=0 duration_ms=13774 gate_skip=false
FM_TEST_SUMMARY total=1 failed=0 skipped_gate=0 duration_ms=13847
FM_TEST_SUMMARY_FAMILY family=watcher-wake-lock count=1 duration_ms=13774 failed=0
FM_TEST_SLOWEST rank=1 script=tests/fm-wake-drain-unread-status.test.sh duration_ms=13774

real	0m13.910s
user	0m4.300s
sys	0m6.716s
