
=== A: dead primary holder + live recovery holder ===
FAIL  A :: drain exit=1 (expected 0); stderr=wake drain: queue lock could not be acquired safely
  stdout: 
  stderr: wake drain: queue lock could not be acquired safely
  dead_pid=3200146 steal_pid=3200178

=== B: live directory-shaped queue lock ===
PASS  B :: rc=0, live directory holder 3200544 named, lock untouched
  stdout: WAKE DRAIN SKIPPED: queue lock remains held by live pid 3200544 after 1s; retry on the next drain.
  stderr: 

=== C: absent primary + live recovery holder ===
FAIL  C :: drain exit=1 (expected 0); stderr=wake drain: queue lock could not be acquired safely
  stdout: 
  stderr: wake drain: queue lock could not be acquired safely

=== D: malformed regular-file lock still refused ===
PASS  D :: rc=1 refusal preserved, durable wake retained
  stdout: 
  stderr: wake drain: queue lock could not be acquired safely

=== E: live owner-symlink holder ===
PASS  E :: rc=0, live holder 3201713 named
  stdout: WAKE DRAIN SKIPPED: queue lock remains held by live pid 3201713 after 1s; retry on the next drain.
  stderr: 

=== F: dead recovery slot -> unnamed-contention wording, never a dead pid ===
PASS  F :: dead recovery pid 3202096 never named as a live holder (rc=0)
  rc=0 stdout: 1790033732	1	signal	task.status	signal: /tmp/fm-live-root-Pcr1mK/F/state/task.status
wake annotation: latest wake-EVENT observed at drain, not current state: task.status: blocked: fixture
OPEN DECISIONS (still open, folded from the durable status logs - not just the latest line):
task blocked: fixture
OPEN DECISIONS: close one by answering it: bin/fm-send.sh <task> --resolve-key <key> '<answer>'
  stderr: WAKE_ACK_REQUIRED: after handling completes run bin/fm-wake-drain.sh --ack-through 1 --recovery-generation 3202070.1790033732.oDhoJ2

=== H: present lock, dead owner record, fresh mid-acquire recovery slot ===
FAIL  H :: drain exit=1; stdout= stderr=wake drain: queue lock could not be acquired safely
  rc=1 stdout: 
  stderr: wake drain: queue lock could not be acquired safely

=== I: presentation lock held, dead owner record, fresh mid-acquire recovery slot ===
FAIL  I :: present lock-shaped path read as an unsafe presentation lock
  rc=0 stdout: 1790033735	1	signal	task.status	signal: /tmp/fm-live-root-Pcr1mK/I/state/task.status
  stderr: WAKE_ACK_REQUIRED: after handling completes run bin/fm-wake-drain.sh --ack-through 1 --recovery-generation 3203849.1790033735.ceeyd6
wake drain: status presentation lock could not be acquired safely

=== K: un-creatable lock path (read-only state dir) still refused ===
drive.sh: 第 44 行：3204501 Segmentation fault      timeout 60 env FM_STATE_OVERRIDE="$state" FM_ROOT_OVERRIDE="$ROOT_SCRATCH" FM_STATUS_PRESENTATION_LOCK_TIMEOUT="$tmo" "$DRAIN" > "$out" 2> "$err"
SKIP  K :: host bash segfaults (rc=139) on the read-only-state fixture; identical on base and target, so it cannot discriminate the change
  rc=139 stdout: 
  stderr: timeout: 被监视的命令已核心转储

=== G: contention clears, retained wake replays ===
PASS  G :: wake replayed after contention cleared
  replay stdout: 1790033778	1	signal	task.status	signal: /tmp/fm-live-root-Pcr1mK/G/state/task.status
wake annotation: latest wake-EVENT observed at drain, not current state: task.status: blocked: fixture
OPEN DECISIONS (still open, folded from the durable status logs - not just the latest line):
task blocked: fixture
OPEN DECISIONS: close one by answering it: bin/fm-send.sh <task> --resolve-key <key> '<answer>'

=== 4 failure(s) ===
