# Full contents of the two modified behavior suites on the target commit

$ bash tests/fm-wake-queue.test.sh
ok - an abandoned same-process lock hold is reclaimed; a parent's live hold is not
ok - without BASHPID a subshell cannot release or reclaim its parent lock and owns its own hold
ok - bounded acquire hands ownership to the waiting caller after contention
ok - presentation lock waits are bounded and retriable without weakening acknowledgement atomicity
ok - malformed presentation locks report acquire failure instead of contention
ok - a queue-lock deadline without a named live holder is contention, not an unsafe lock
ok - foreign secondmate queue alerts once per no-progress episode without age-only or cascade noise
ok - declared external-wait pause rows do not feed secondmate wake-loop escalation
ok - a reprovisioned queue generation starts a fresh no-progress interval
ok - an active turn defers the secondmate stall escalation without cancelling it
ok - secondmate stall markers reject symlinks without touching their targets
ok - stall publication acknowledgement closes the pre-marker crash window
ok - empty prefix mate cleanup preserves another mate's stall receipt
ok - self-announced appends suppress only their own bytes and fail toward waking
ok - historical annotations replay nothing already announced and keep everything new
WAKE_ACK_REQUIRED: after handling completes run bin/fm-wake-drain.sh --ack-through 1 --recovery-generation 277426.1790041081.8xLQCA
ok - concurrent append plus drain preserves durable records through acknowledgement
ok - signal written while no watcher runs is caught on next run
WAKE_ACK_REQUIRED: after handling completes run bin/fm-wake-drain.sh --ack-through 1 --recovery-generation 308490.1790041096.iSqF3d
●━━━━━━━━━━━━━━━━━━━━━━━━━━━━━━━━━━━━━━━━━━━━━━━━━━━━━━━━━━━━━━━━━━━━━━━
●  WATCHER DOWN - SUPERVISION IS OFF
●  1 task(s) in flight, but no live watcher process holds this home lock (last beat: 2s ago).
●  Trust the emitted supervision protocol for this harness; do not use shell & for watcher repair.
●  watcher cycles: EMPTY - no readable cycle ledger at /tmp/fm-wake-tests.QPmoiv/stale/state/.watch-cycle-exits.log
●  This is a supervision warning only; the guarded operation WILL still run.
●  After draining queued wakes, repair a missing or failed watcher cycle with the Pi tool fm_watch_arm_pi, or restart Pi with -e /tmp/fm-wake-tangle-root.qNG1LW/.pi/extensions/fm-primary-turnend-guard.ts -e /tmp/fm-wake-tangle-root.qNG1LW/.pi/extensions/fm-primary-pi-watch.ts if the extensions are not loaded.
●━━━━━━━━━━━━━━━━━━━━━━━━━━━━━━━━━━━━━━━━━━━━━━━━━━━━━━━━━━━━━━━━━━━━━━━
WARNING: queued wakes pending - drain them with bin/fm-wake-drain.sh before anything else.
ok - stale wake is queued before suppressor state is advanced
WAKE_ACK_REQUIRED: after handling completes run bin/fm-wake-drain.sh --ack-through 1 --recovery-generation 311036.1790041100.ETVARm
●━━━━━━━━━━━━━━━━━━━━━━━━━━━━━━━━━━━━━━━━━━━━━━━━━━━━━━━━━━━━━━━━━━━━━━━
●  WATCHER DOWN - SUPERVISION IS OFF
●  1 task(s) in flight, but no live watcher process holds this home lock (last beat: 2s ago).
●  Trust the emitted supervision protocol for this harness; do not use shell & for watcher repair.
●  watcher cycles: EMPTY - no readable cycle ledger at /tmp/fm-wake-tests.QPmoiv/stale-stopped/state/.watch-cycle-exits.log
●  This is a supervision warning only; the guarded operation WILL still run.
●  After draining queued wakes, repair a missing or failed watcher cycle with the Pi tool fm_watch_arm_pi, or restart Pi with -e /tmp/fm-wake-tangle-root.qNG1LW/.pi/extensions/fm-primary-turnend-guard.ts -e /tmp/fm-wake-tangle-root.qNG1LW/.pi/extensions/fm-primary-pi-watch.ts if the extensions are not loaded.
●━━━━━━━━━━━━━━━━━━━━━━━━━━━━━━━━━━━━━━━━━━━━━━━━━━━━━━━━━━━━━━━━━━━━━━━
WARNING: queued wakes pending - drain them with bin/fm-wake-drain.sh before anything else.
ok - a not-provably-working stale wake is queued before its suppressor is advanced
WAKE_ACK_REQUIRED: after handling completes run bin/fm-wake-drain.sh --ack-through 1 --recovery-generation 312677.1790041104.PT4k6D
●━━━━━━━━━━━━━━━━━━━━━━━━━━━━━━━━━━━━━━━━━━━━━━━━━━━━━━━━━━━━━━━━━━━━━━━
●  WATCHER DOWN - SUPERVISION IS OFF
●  1 registered custom check(s), but no live watcher process holds this home lock (last beat: 1s ago).
●  Trust the emitted supervision protocol for this harness; do not use shell & for watcher repair.
●  watcher cycles: EMPTY - no readable cycle ledger at /tmp/fm-wake-tests.QPmoiv/check/state/.watch-cycle-exits.log
●  This is a supervision warning only; the guarded operation WILL still run.
●  After draining queued wakes, repair a missing or failed watcher cycle with the Pi tool fm_watch_arm_pi, or restart Pi with -e /tmp/fm-wake-tangle-root.qNG1LW/.pi/extensions/fm-primary-turnend-guard.ts -e /tmp/fm-wake-tangle-root.qNG1LW/.pi/extensions/fm-primary-pi-watch.ts if the extensions are not loaded.
●━━━━━━━━━━━━━━━━━━━━━━━━━━━━━━━━━━━━━━━━━━━━━━━━━━━━━━━━━━━━━━━━━━━━━━━
WARNING: queued wakes pending - drain them with bin/fm-wake-drain.sh before anything else.
ok - registered custom check output is queued before cadence suppression
ok - concurrent drains replay until one post-handling acknowledgement consumes records
WAKE_ACK_REQUIRED: after handling completes run bin/fm-wake-drain.sh --ack-through 4 --recovery-generation 316070.1790041109.2XR5Ad
ok - drain collapses obvious duplicate heartbeat and signal records
ok - drain asserts watcher liveness: warns on a lapse, stays silent for a live watcher with a fresh beacon
WAKE_ACK_REQUIRED: after handling completes run bin/fm-wake-drain.sh --ack-through 8 --recovery-generation 318539.1790041114.uj6U1K
ok - structural signal enrichment is separate, deduped, home-local, and tier-zero for other wakes
WAKE_ACK_REQUIRED: after handling completes run bin/fm-wake-drain.sh --ack-through 13 --recovery-generation 319797.1790041116.fQljDf
ok - every readable unread status line is annotated in full while invalid status files preserve their raw wakes
WAKE_ACK_REQUIRED: after handling completes run bin/fm-wake-drain.sh --ack-through 1 --recovery-generation 321984.1790041119.E8lCD2
WAKE_ACK_REQUIRED: after handling completes run bin/fm-wake-drain.sh --ack-through 2 --recovery-generation 321984.1790041119.E8lCD2
ok - slow annotation releases the append lock and a deleted status file fails open
ok - a branch-actor scoped ack never swallows an unacked main-owned row, and main's later drain sees exactly what remains
ok - main drain and acknowledgement exclude an active branch grant
ok - a branch-held row raises no queued-wake warning for main, and the same row is presented and acknowledged once the grant clears
ok - a queue that cannot be counted keeps the queued-wake alarm up
ok - structurally unusable rows are retired by main alone, leaving every remaining row presentable and acknowledgeable
ok - branch grant cannot take a row already claimed by main
ok - actor ownership filtering precedes same-key deduplication
ok - main reclaims rows granted to an exited branch owner
ok - a branch-actor drain with no eligible-row snapshot refuses loudly instead of draining nothing
WAKE_ACK_REQUIRED: after handling completes run bin/fm-wake-drain.sh --ack-through 1 --recovery-generation existing
ok - wake append publishes atomic recovery evidence before durable rows
ok - wake drain: generation-less legacy wakes are adopted and acknowledged
ok - wake drain: a stale acknowledgement cannot retire or consume a newer recovery episode
ok - wake drain: an acknowledgement that consumes nothing says so and names the exact command for the current wake
ok - wake drain: a branch acknowledgement that consumes nothing names the exact command for its granted wake
ok - wake drain: recovery acknowledgement failures are explicit and retryable
ok - interruptions preserve durable rows until post-handling acknowledgement
exit: 0

$ bash tests/fm-watcher-lock.test.sh
ok - simultaneous watcher starts leave exactly one live process
ok - fm_pid_identity real ps fallback is locale-invariant
ok - fm_pid_identity is locale-invariant across LC_ALL/LC_TIME
ok - /proc process identity ignores simulated btime changes
ok - /proc process identity detects pid reuse
ok - MSYS /proc process identity regression skipped on non-Windows host
ok - killed watcher stale lock is reclaimed
tests/fm-watcher-lock.test.sh: 第 1423 行：345917 Killed                  FM_STATE_OVERRIDE="$state" bash -c '
    . "$1"
    fm_lock_remove_path() {
      if [ "$1" = "$STATE/.watch.lock" ]; then
        kill -KILL "${BASHPID:-$$}"
      fi
      return 1
    }
    fm_lock_try_acquire "$2"
  ' _ "$LIB" "$lockdir" > /dev/null 2>&1
ok - stale watcher reclaim publishes durable recovery evidence before clear
ok - live watcher lock with stale heartbeat is actionable
ok - guard banner leads when down with pending wakes (repair-after-drain) and stays silent when live and fresh
ok - concurrent fm_lock_try_acquire yields exactly one winner
ok - dead-pid stale lock is reclaimed by a single acquirer
ok - concurrent stale-lock steal yields exactly one winner
ok - live steal mutex is not reclaimed
ok - live-held lock is not stolen
ok - a bounded wait reports a live directory-shaped lock as contention
ok - empty mid-acquire lock keeps a minimum grace
ok - late original claimant cannot claim a recreated lock
ok - paused mid-acquire claimant backs off to active stealer
ok - a live pid whose recorded identity changed is reclaimed as pid reuse
ok - a live holder with no recorded identity is still never reclaimed
ok - a differing reader-independent start stamp is proof of pid reuse
ok - a reader-dependent stamp mismatch is never treated as pid reuse
ok - a legacy record's age alone is never proof of pid reuse
ok - a handed-off lock's identity names the caller, not the helper
ok - a lock holder that exec'd another program is not mistaken for pid reuse
ok - a live-held lock is refused (exit 124, holder named) instead of wedging the waiter
ok - an unverifiable identity is refused and reported as unproven, not as the owner
ok - watch restart preserves recovery without signaling a reused pid
ok - watch restart attaches to a verified healthy peer and later surfaces a successor gap
ok - watcher self-evicts when the lock pid no longer names it
ok - arm turns clean self-eviction without a successor into a typed failure
ok - arm attaches to a live fresh watcher and fails loudly when that cycle has no successor
ok - attached arm signals record a classified lifecycle entry
ok - arm starts cleanly and resurfaces recovery after a dead-pid lock
ok - arm cleans child watcher and temp output on HUP
WAKE_ACK_REQUIRED: after handling completes run bin/fm-wake-drain.sh --ack-through 1 --recovery-generation 364698.1790041216.iVOajh
●━━━━━━━━━━━━━━━━━━━━━━━━━━━━━━━━━━━━━━━━━━━━━━━━━━━━━━━━━━━━━━━━━━━━━━━
●  WATCHER DOWN - SUPERVISION IS OFF
●  1 registered custom check(s), but no live watcher process holds this home lock (last beat: 1s ago).
●  Trust the emitted supervision protocol for this harness; do not use shell & for watcher repair.
●  watcher cycles: median 2s · mean 2s · max 2s · cycles 1 of 1 · threshold 150s
●  This is a supervision warning only; the guarded operation WILL still run.
●  After draining queued wakes, repair a missing or failed watcher cycle with the Pi tool fm_watch_arm_pi, or restart Pi with -e /tmp/fm-wake-tangle-root.Jvtvvb/.pi/extensions/fm-primary-turnend-guard.ts -e /tmp/fm-wake-tangle-root.Jvtvvb/.pi/extensions/fm-primary-pi-watch.ts if the extensions are not loaded.
●━━━━━━━━━━━━━━━━━━━━━━━━━━━━━━━━━━━━━━━━━━━━━━━━━━━━━━━━━━━━━━━━━━━━━━━
WARNING: queued wakes pending - drain them with bin/fm-wake-drain.sh before anything else.
ok - arm propagates an immediate watcher wake before confirmation
ok - arm attaches to a peer watcher after child stands down and surfaces a missing successor
watcher: lock held by live pid 366784 but heartbeat is stale for 843385230s (>300s); inspect or stop that watcher before re-arming.
ok - arm reports FAILED and exits non-zero when no fresh watcher can be confirmed
ok - cycle-exit ledger links a verified successor and remains size-capped
ok - SIGSTOP distinguishes live PID from stale beacon and termination records the exit class
exit: 0
